---
 arch/arm64/configs/vendor/seraph_GKI.config | 2 ++
 seraph.bzl                                  | 1 +
 2 files changed, 3 insertions(+)

diff --git a/arch/arm64/configs/vendor/seraph_GKI.config b/arch/arm64/configs/vendor/seraph_GKI.config
index 450785d5c7bf9..0e0171b81b45f 100644
--- a/arch/arm64/configs/vendor/seraph_GKI.config
+++ b/arch/arm64/configs/vendor/seraph_GKI.config
@@ -1,3 +1,4 @@
+
 CONFIG_ARCH_QCOM=y
 CONFIG_ARCH_SERAPH=y
 CONFIG_ARM_QCOM_CPUFREQ_HW=m
@@ -152,6 +153,7 @@ CONFIG_QCOM_IPCC=m
 CONFIG_QCOM_IRQ_STAT=y
 CONFIG_QCOM_LAZY_MAPPING=m
 CONFIG_QCOM_LLCC=m
+CONFIG_QCOM_LLCC_PERFMON=m
 CONFIG_QCOM_LLCC_PMU=m
 CONFIG_QCOM_LOGBUF_BOOTLOG=m
 CONFIG_QCOM_LOGBUF_VENDOR_HOOKS=m
diff --git a/seraph.bzl b/seraph.bzl
index 52d5cec1ac949..17c88612f404c 100644
--- a/seraph.bzl
+++ b/seraph.bzl
@@ -133,6 +133,7 @@ def define_seraph():
         "drivers/soc/qcom/hung_task_enh.ko",
         "drivers/soc/qcom/hwkm.ko",
         "drivers/soc/qcom/llcc-qcom.ko",
+        "drivers/soc/qcom/llcc_perfmon.ko",
         "drivers/soc/qcom/mdt_loader.ko",
         "drivers/soc/qcom/mem-hooks.ko",
         "drivers/soc/qcom/mem-offline.ko",
-- 
GitLab


